\BOOKMARK [0][-]{chapter*.1}{\376\377\004\037\004\100\004\065\004\064\004\070\004\101\004\073\004\076\004\062\004\070\004\065}{}% 1
\BOOKMARK [0][-]{chapter.1}{\376\377\004\036\004\102\000\040\004\102\004\100\004\065\004\061\004\076\004\062\004\060\004\075\004\070\004\071\000\040\004\104\004\070\004\067\004\070\004\072\004\070\000\040\004\072\000\040\004\077\004\073\004\060\004\075\004\072\004\076\004\062\004\101\004\072\004\076\004\074\004\103\000\040\004\074\004\070\004\100\004\103}{}% 2
\BOOKMARK [1][-]{section.1.1}{\376\377\004\042\004\100\004\065\004\061\004\076\004\062\004\060\004\075\004\070\004\117\000\040\004\104\004\070\004\067\004\070\004\072\004\070}{chapter.1}% 3
\BOOKMARK [1][-]{section.1.2}{\376\377\004\034\004\060\004\072\004\100\004\076\004\074\004\070\004\100}{chapter.1}% 4
\BOOKMARK [1][-]{section.1.3}{\376\377\004\034\004\070\004\072\004\100\004\076\004\074\004\070\004\100}{chapter.1}% 5
\BOOKMARK [1][-]{section.1.4}{\376\377\004\032\004\062\004\060\004\075\004\102\004\076\004\062\004\060\004\117\000\040\004\074\004\065\004\105\004\060\004\075\004\070\004\072\004\060}{chapter.1}% 6
\BOOKMARK [1][-]{section.1.5}{\376\377\004\042\004\065\004\076\004\100\004\070\004\117\000\040\004\077\004\076\004\073\004\117}{chapter.1}% 7
\BOOKMARK [1][-]{section.1.6}{\376\377\004\037\004\073\004\060\004\075\004\072\004\076\004\062\004\101\004\072\004\070\004\071\000\040\004\074\004\070\004\100}{chapter.1}% 8
\BOOKMARK [1][-]{section.1.7}{\376\377\004\024\004\070\004\101\004\072\004\100\004\065\004\102\004\070\004\067\004\060\004\106\004\070\004\117\000\040\004\104\004\060\004\067\004\113}{chapter.1}% 9
\BOOKMARK [1][-]{section.1.8}{\376\377\004\036\004\061\004\076\004\061\004\111\004\121\004\075\004\075\004\113\004\065\000\040\004\072\004\076\004\076\004\100\004\064\004\070\004\075\004\060\004\102\004\113}{chapter.1}% 10
\BOOKMARK [1][-]{section.1.9}{\376\377\004\033\004\076\004\072\004\060\004\073\004\114\004\075\004\113\004\071\000\040\004\076\004\061\004\100\004\060\004\102\004\070\004\074\004\113\004\071\000\040\004\060\004\062\004\102\004\076\004\074\004\060\004\102}{chapter.1}% 11
\BOOKMARK [2][-]{subsection.1.9.1}{\376\377\004\041\004\073\004\076\004\062\004\060\004\100\004\114\000:\000\040\004\102\004\065\004\100\004\074\004\070\004\075\004\113\000\040\004\072\004\073\004\065\004\102\004\076\004\107\004\075\004\076\004\063\004\076\000\040\004\060\004\062\004\102\004\076\004\074\004\060\004\102\004\060\000\040\004\070\000\040\004\101\004\073\004\076\004\071\000\040\000M}{section.1.9}% 12
\BOOKMARK [1][-]{section.1.10}{\376\377\004\041\004\062\004\076\004\064\004\072\004\060\000\040\004\074\004\076\004\101\004\102\004\060}{chapter.1}% 13
\BOOKMARK [0][-]{chapter.2}{\376\377\004\044\004\070\004\067\004\070\004\107\004\065\004\101\004\072\004\076\004\065\000\040\004\076\004\061\004\076\004\101\004\075\004\076\004\062\004\060\004\075\004\070\004\065\000\040\004\060\004\061\004\101\004\076\004\073\004\116\004\102\004\075\004\113\004\105\000\040\004\103\004\101\004\073\004\076\004\062\004\070\004\071}{}% 14
\BOOKMARK [1][-]{section.2.1}{\376\377\004\033\004\065\004\101\004\102\004\075\004\070\004\106\004\060}{chapter.2}% 15
\BOOKMARK [1][-]{section.2.2}{\376\377\004\032\004\060\004\103\004\067\004\060\004\073\004\114\004\075\004\076\004\101\004\102\004\114\000,\000\040\004\073\004\076\004\072\004\060\004\073\004\114\004\075\004\076\004\101\004\102\004\114\000,\000\040\004\070\004\067\004\076\004\102\004\100\004\076\004\077\004\070\004\117}{chapter.2}% 16
\BOOKMARK [1][-]{section.2.3}{\376\377\004\032\004\062\004\060\004\075\004\102\004\076\004\062\004\060\004\117\000\040\004\074\004\065\004\105\004\060\004\075\004\070\004\072\004\060\000\040\004\072\004\060\004\072\000\040\004\101\004\076\004\105\004\100\004\060\004\075\004\065\004\075\004\070\004\065\000\040\004\070\004\075\004\104\004\076\004\100\004\074\004\060\004\106\004\070\004\070}{chapter.2}% 17
\BOOKMARK [1][-]{section.2.4}{\376\377\004\042\004\065\004\100\004\074\004\076\004\064\004\070\004\075\004\060\004\074\004\070\004\072\004\060\000\040\004\074\004\070\004\072\004\100\004\076\004\103\004\100\004\076\004\062\004\075\004\117}{chapter.2}% 18
\BOOKMARK [1][-]{section.2.5}{\376\377\004\020\004\075\004\060\004\073\004\070\004\102\004\070\004\107\004\075\004\076\004\101\004\102\004\114\000,\000\040\004\067\004\060\004\100\004\117\004\064\000,\000\040\004\103\004\101\004\102\004\076\004\071\004\107\004\070\004\062\004\076\004\101\004\102\004\114\000\040\004\064\004\065\004\104\004\065\004\072\004\102\004\076\004\062}{chapter.2}% 19
\BOOKMARK [1][-]{section.2.6}{\376\377\004\041\004\070\004\074\004\074\004\065\004\102\004\100\004\070\004\070\000\040\004\070\000\040\004\063\004\065\004\076\004\074\004\065\004\102\004\100\004\070\004\117\000\040\004\072\004\076\004\075\004\101\004\102\004\060\004\075\004\102\000\040\004\101\004\062\004\117\004\067\004\070}{chapter.2}% 20
\BOOKMARK [1][-]{section.2.7}{\376\377\004\041\004\062\004\076\004\064\004\075\004\060\004\117\000\040\004\101\004\105\004\065\004\074\004\060}{chapter.2}% 21
\BOOKMARK [1][-]{section.2.8}{\376\377\004\047\004\102\004\076\000\040\004\076\004\101\004\102\004\060\004\121\004\102\004\101\004\117\000\040\004\067\004\060\000\040\004\100\004\060\004\074\004\072\004\060\004\074\004\070\000\040\004\103\004\101\004\073\004\076\004\062\004\070\004\071}{chapter.2}% 22
\BOOKMARK [0][-]{chapter.3}{\376\377\004\020\004\061\004\101\004\076\004\073\004\116\004\102\004\075\004\113\004\065\000\040\004\103\004\101\004\073\004\076\004\062\004\070\004\117\000\040\000A\0001\000-\000A\0001\0006}{}% 23
\BOOKMARK [1][-]{section.3.1}{\376\377\004\022\004\062\004\065\004\064\004\065\004\075\004\070\004\065}{chapter.3}% 24
\BOOKMARK [1][-]{section.3.2}{\376\377\004\032\004\060\004\103\004\067\004\060\004\073\004\114\004\075\004\076\004\101\004\102\004\114\000,\000\040\004\073\004\076\004\072\004\060\004\073\004\114\004\075\004\076\004\101\004\102\004\114\000,\000\040\004\103\004\075\004\070\004\102\004\060\004\100\004\075\004\076\004\101\004\102\004\114}{chapter.3}% 25
\BOOKMARK [1][-]{section.3.3}{\376\377\004\042\004\065\004\100\004\074\004\076\004\064\004\070\004\075\004\060\004\074\004\070\004\072\004\060\000\040\004\074\004\070\004\072\004\100\004\076\004\103\004\100\004\076\004\062\004\075\004\117}{chapter.3}% 26
\BOOKMARK [1][-]{section.3.4}{\376\377\004\020\004\075\004\060\004\073\004\070\004\102\004\070\004\107\004\075\004\076\004\101\004\102\004\114\000\040\004\070\000\040\004\102\004\076\004\077\004\076\004\073\004\076\004\063\004\070\004\117}{chapter.3}% 27
\BOOKMARK [1][-]{section.3.5}{\376\377\004\030\004\067\004\076\004\102\004\100\004\076\004\077\004\070\004\117\000,\000\040\004\076\004\061\004\100\004\060\004\102\004\070\004\074\004\076\004\101\004\102\004\114\000,\000\040\004\101\004\070\004\074\004\074\004\065\004\102\004\100\004\070\004\070}{chapter.3}% 28
\BOOKMARK [1][-]{section.3.6}{\376\377\004\024\004\065\004\102\004\065\004\100\004\074\004\070\004\075\004\070\004\067\004\074\000\040\004\070\000\040\000\253\004\072\004\062\004\060\004\075\004\102\004\076\004\062\004\060\004\117\000\040\004\101\004\073\004\103\004\107\004\060\004\071\004\075\004\076\004\101\004\102\004\114\000'\000'}{chapter.3}% 29
\BOOKMARK [1][-]{section.3.7}{\376\377\004\042\004\065\004\076\004\100\004\065\004\074\004\060\000\040\004\076\000\040\004\075\004\065\004\062\004\076\004\067\004\074\004\076\004\066\004\075\004\076\004\101\004\102\004\070\000\040\004\102\004\065\004\077\004\073\004\076\004\062\004\076\004\071\000\040\004\101\004\074\004\065\004\100\004\102\004\070\000\040\000M}{chapter.3}% 30
\BOOKMARK [0][-]{chapter.4}{\376\377\004\023\004\065\004\076\004\074\004\065\004\102\004\100\004\070\004\117\000\040\004\075\004\076\004\101\004\070\004\102\004\065\004\073\004\117}{}% 31
\BOOKMARK [1][-]{section.4.1}{\376\377\004\047\004\102\004\076\000\040\004\103\004\066\004\065\000\040\004\062\004\062\004\065\004\064\004\065\004\075\004\076}{chapter.4}% 32
\BOOKMARK [1][-]{section.4.2}{\376\377\004\041\004\062\004\065\004\102\004\076\004\062\004\060\004\117\000\040\004\076\004\072\004\100\004\065\004\101\004\102\004\075\004\076\004\101\004\102\004\114}{chapter.4}% 33
\BOOKMARK [1][-]{section.4.3}{\376\377\004\023\004\065\004\072\004\101\004\060\004\063\004\076\004\075\004\060\004\073\004\114\004\075\004\113\004\071\000\040\004\101\004\100\004\065\004\067\000\040\000\050\0002\000+\0001\000\051}{chapter.4}% 34
\BOOKMARK [2][-]{subsection.4.3.1}{\376\377\004\040\004\065\004\063\004\103\004\073\004\117\004\100\004\075\004\113\004\065\000\040\004\067\004\060\004\074\004\076\004\111\004\065\004\075\004\070\004\117\000\040\004\077\004\073\004\076\004\101\004\072\004\076\004\101\004\102\004\070}{section.4.3}% 35
\BOOKMARK [2][-]{subsection.4.3.2}{\376\377\004\032\004\076\004\075\004\101\004\102\004\060\004\075\004\102\004\113\000\040\004\075\004\060\000\040\004\063\004\065\004\072\004\101\004\060\004\063\004\076\004\075\004\060\004\073\004\114\004\075\004\076\004\074\000\040\004\101\004\073\004\076\004\065}{section.4.3}% 36
\BOOKMARK [1][-]{section.4.4}{\376\377\004\022\004\113\004\061\004\076\004\100\000\040\000F\000C\000C\000\040\004\101\000\040\004\064\004\062\004\065\004\075\004\060\004\064\004\106\004\060\004\102\004\114\004\116\000\040\004\101\004\076\004\101\004\065\004\064\004\117\004\074\004\070}{chapter.4}% 37
\BOOKMARK [2][-]{subsection.4.4.1}{\376\377\004\023\004\065\004\076\004\074\004\065\004\102\004\100\004\070\004\117\000\040\004\076\004\064\004\075\004\076\004\102\004\060\004\072\004\102\004\076\004\062\004\076\004\063\004\076\000\040\004\102\004\065\004\073\004\060\000\040\004\075\004\060\000\040\000F\000C\000C}{section.4.4}% 38
\BOOKMARK [1][-]{section.4.5}{\376\377\004\037\004\073\004\060\004\075\004\072\004\076\004\062\004\101\004\072\004\060\004\117\000\040\004\100\004\065\004\110\004\121\004\102\004\072\004\060}{chapter.4}% 39
\BOOKMARK [1][-]{section.4.6}{\376\377\004\024\004\062\004\065\000\040\004\101\004\072\004\076\004\100\004\076\004\101\004\102\004\070\000\040\004\070\000\040\004\074\004\076\004\101\004\102\000\040\000c\000=\000c\0000}{chapter.4}% 40
\BOOKMARK [1][-]{section.4.7}{\376\377\004\036\004\102\004\072\004\060\004\067\000\040\004\076\004\102\000\040\004\072\004\076\004\075\004\102\004\070\004\075\004\103\004\103\004\074\004\060\000\040\004\075\004\060\000\040\004\074\004\070\004\072\004\100\004\076\004\103\004\100\004\076\004\062\004\075\004\065}{chapter.4}% 41
\BOOKMARK [1][-]{section.4.8}{\376\377\004\032\004\060\004\103\004\067\004\060\004\073\004\114\004\075\004\076\004\101\004\102\004\114\000\040\004\070\000\040\004\075\004\060\004\061\004\073\004\116\004\064\004\060\004\065\004\074\004\060\004\117\000\040\004\101\004\072\004\076\004\100\004\076\004\101\004\102\004\114\000\040\004\101\004\062\004\065\004\102\004\060}{chapter.4}% 42
\BOOKMARK [1][-]{section.4.9}{\376\377\004\020\004\075\004\060\004\073\004\076\004\063\004\070\004\117\000\040\004\101\000\040\004\104\004\070\004\067\004\070\004\072\004\076\004\071\000\040\004\102\004\062\004\121\004\100\004\064\004\076\004\063\004\076\000\040\004\102\004\065\004\073\004\060}{chapter.4}% 43
\BOOKMARK [1][-]{section.4.10}{\376\377\004\041\004\062\004\117\004\067\004\114\000\040\000\050\0003\000+\0001\000\051\000\040\004\070\000\040\000\050\0002\000+\0001\000\051}{chapter.4}% 44
\BOOKMARK [1][-]{section.4.11}{\376\377\004\041\004\076\004\101\004\065\004\064\004\101\004\102\004\062\004\076\000\040\004\101\004\100\004\065\004\067\004\060\000\040\004\070\000\040\004\076\004\061\004\112\004\121\004\074\004\060}{chapter.4}% 45
\BOOKMARK [0][-]{chapter.5}{\376\377\004\024\004\070\004\101\004\072\004\100\004\065\004\102\004\075\004\076\004\101\004\102\004\114\000\040\004\074\004\070\004\072\004\100\004\076\004\103\004\100\004\076\004\062\004\075\004\117}{}% 46
\BOOKMARK [1][-]{section.5.1}{\376\377\004\036\004\102\000\040\004\077\004\076\004\101\004\102\004\103\004\073\004\060\004\102\004\060\000\040\004\072\000\040\004\102\004\065\004\076\004\100\004\065\004\074\004\065}{chapter.5}% 47
\BOOKMARK [1][-]{section.5.2}{\376\377\004\041\004\076\004\101\004\102\004\076\004\117\004\075\004\070\004\065\000,\000\040\004\072\004\076\004\075\004\102\004\070\004\075\004\103\004\103\004\074\000,\000\040\004\062\004\060\004\072\004\103\004\103\004\074}{chapter.5}% 48
\BOOKMARK [1][-]{section.5.3}{\376\377\004\027\004\060\004\074\004\113\004\072\004\060\004\075\004\070\004\065\000\040\004\067\004\060\004\072\004\076\004\075\004\060\000,\000\040\004\074\004\065\004\105\004\060\004\075\004\070\004\072\004\060\000,\000\040\004\072\004\062\004\060\004\075\004\102\004\113}{chapter.5}% 49
\BOOKMARK [0][-]{chapter.6}{\376\377\004\027\004\060\004\072\004\076\004\075\000\040\004\115\004\062\004\076\004\073\004\116\004\106\004\070\004\070}{}% 50
\BOOKMARK [1][-]{section.6.1}{\376\377\004\036\004\061\004\111\004\060\004\117\000\040\004\101\004\102\004\100\004\103\004\072\004\102\004\103\004\100\004\060}{chapter.6}% 51
\BOOKMARK [1][-]{section.6.2}{\376\377\004\036\004\063\004\100\004\060\004\075\004\070\004\107\004\065\004\075\004\070\004\117\000\040\004\110\004\060\004\063\004\060}{chapter.6}% 52
\BOOKMARK [1][-]{section.6.3}{\376\377\004\044\004\060\004\067\004\076\004\062\004\113\004\071\000\040\004\070\004\075\004\062\004\060\004\100\004\070\004\060\004\075\004\102\000\040\000z\000e\000t\000a}{chapter.6}% 53
\BOOKMARK [1][-]{section.6.4}{\376\377\004\041\004\077\004\070\004\075\000\040\004\070\000\040\004\063\004\100\004\103\004\077\004\077\004\060\000\040\000S\000U\000\050\0002\000\051}{chapter.6}% 54
\BOOKMARK [1][-]{section.6.5}{\376\377\000U\000\050\0001\000\051\000v\000a\000c\000\040\004\070\000\040\004\105\004\070\004\100\004\060\004\073\004\114\004\075\004\076\004\101\004\102\004\114}{chapter.6}% 55
\BOOKMARK [1][-]{section.6.6}{\376\377\004\027\004\060\004\074\004\113\004\072\004\060\004\075\004\070\004\065\000\040\000g\000\040\004\075\004\060\000\040\000Z\000\137\000N\000[\000i\000]}{chapter.6}% 56
\BOOKMARK [2][-]{subsection.6.6.1}{\376\377\004\030\004\075\004\104\004\076\004\100\004\074\004\060\004\106\004\070\004\076\004\075\004\075\004\113\004\071\000\040\004\061\004\116\004\064\004\066\004\065\004\102\000\040\004\117\004\107\004\065\004\071\004\072\004\070}{section.6.6}% 57
\BOOKMARK [2][-]{subsection.6.6.2}{\376\377\004\033\004\065\004\101\004\102\004\075\004\070\004\106\004\060\000\040\004\101\004\076\004\063\004\073\004\060\004\101\004\076\004\062\004\060\004\075\004\075\004\076\004\101\004\102\004\070}{section.6.6}% 58
\BOOKMARK [0][-]{chapter.7}{\376\377\004\036\004\102\000\040\004\074\004\070\004\072\004\100\004\076\004\103\004\100\004\076\004\062\004\075\004\117\000\040\004\072\000\040\004\074\004\060\004\072\004\100\004\076\004\076\004\077\004\070\004\101\004\060\004\075\004\070\004\116}{}% 59
\BOOKMARK [1][-]{section.7.1}{\376\377\004\035\004\065\004\076\004\061\004\105\004\076\004\064\004\070\004\074\004\076\004\101\004\102\004\114\000\040\004\077\004\065\004\100\004\065\004\105\004\076\004\064\004\060}{chapter.7}% 60
\BOOKMARK [1][-]{section.7.2}{\376\377\004\055\004\073\004\065\004\072\004\102\004\100\004\076\004\075\000\040\004\072\004\060\004\072\000\040\004\101\004\076\004\101\004\102\004\060\004\062\004\075\004\060\004\117\000\040\004\101\004\102\004\100\004\103\004\072\004\102\004\103\004\100\004\060}{chapter.7}% 61
\BOOKMARK [1][-]{section.7.3}{\376\377\004\036\004\077\004\065\004\100\004\060\004\102\004\076\004\100\000\040\004\076\004\101\004\100\004\065\004\064\004\075\004\065\004\075\004\070\004\117\000\040\000B}{chapter.7}% 62
\BOOKMARK [1][-]{section.7.4}{\376\377\004\042\004\065\004\076\004\100\004\065\004\074\004\060\000\040\000T\000-\000C\000R\000:\000\040\004\072\004\076\004\075\004\102\004\070\004\075\004\103\004\103\004\074\000\040\004\072\004\060\004\072\000\040\004\101\004\073\004\065\004\064\004\101\004\102\004\062\004\070\004\065\000\040\004\076\004\101\004\100\004\065\004\064\004\075\004\065\004\075\004\070\004\117}{chapter.7}% 63
\BOOKMARK [1][-]{section.7.5}{\376\377\004\041\004\062\004\076\004\061\004\076\004\064\004\075\004\060\004\117\000\040\004\115\004\075\004\065\004\100\004\063\004\070\004\117\000\040\000G\000i\000n\000z\000b\000u\000r\000g\040\023\000L\000a\000n\000d\000a\000u}{chapter.7}% 64
\BOOKMARK [1][-]{section.7.6}{\376\377\004\035\004\065\004\073\004\070\004\075\004\065\004\071\004\075\004\076\004\065\000\040\004\103\004\100\004\060\004\062\004\075\004\065\004\075\004\070\004\065\000\040\004\050\004\100\004\121\004\064\004\070\004\075\004\063\004\065\004\100\004\060\000\040\004\070\000\040\004\063\004\070\004\064\004\100\004\076\004\064\004\070\004\075\004\060\004\074\004\070\004\072\004\060}{chapter.7}% 65
\BOOKMARK [1][-]{section.7.7}{\376\377\004\042\004\103\004\075\004\075\004\065\004\073\004\070\004\100\004\076\004\062\004\060\004\075\004\070\004\065\000\040\004\070\000\040\004\077\004\100\004\060\004\062\004\070\004\073\004\076\000\040\004\021\000o\000r\000n}{chapter.7}% 66
\BOOKMARK [0][-]{chapter.8}{\376\377\004\055\004\073\004\065\004\074\004\065\004\075\004\102\004\060\004\100\004\075\004\113\004\071\000\040\004\076\004\061\004\112\004\121\004\074\000\040\004\070\000\040\004\074\004\060\004\102\004\065\004\100\004\070\004\117}{}% 67
\BOOKMARK [1][-]{section.8.1}{\376\377\004\021\004\070\004\075\004\060\004\100\004\075\004\060\004\117\000\040\004\067\004\060\004\075\004\117\004\102\004\076\004\101\004\102\004\114\000\040\004\070\000\040\004\077\004\073\004\060\004\075\004\072\004\076\004\075}{chapter.8}% 68
\BOOKMARK [1][-]{section.8.2}{\376\377\004\035\004\065\004\101\004\066\004\070\004\074\004\060\004\065\004\074\004\060\004\117\000\040\004\100\004\065\004\110\004\121\004\102\004\076\004\107\004\075\004\060\004\117\000\040\004\066\004\070\004\064\004\072\004\076\004\101\004\102\004\114}{chapter.8}% 69
\BOOKMARK [1][-]{section.8.3}{\376\377\004\042\004\065\004\076\004\100\004\065\004\074\004\060\000\040\004\076\000\040\004\074\004\065\004\105\004\060\004\075\004\070\004\107\004\065\004\101\004\072\004\076\004\071\000\040\004\073\004\065\004\101\004\102\004\075\004\070\004\106\004\065}{chapter.8}% 70
\BOOKMARK [1][-]{section.8.4}{\376\377\004\042\004\065\004\100\004\074\004\076\004\064\004\070\004\075\004\060\004\074\004\070\004\107\004\065\004\101\004\072\004\070\004\065\000\040\004\077\004\076\004\102\004\065\004\075\004\106\004\070\004\060\004\073\004\113\000\040\004\075\004\060\000\040\000T}{chapter.8}% 71
\BOOKMARK [1][-]{section.8.5}{\376\377\004\041\004\070\004\074\004\074\004\065\004\102\004\100\004\070\004\070\000\040\004\070\000\040\004\064\004\070\004\101\004\072\004\100\004\065\004\102\004\075\004\113\004\065\000\040\004\067\004\060\004\100\004\117\004\064\004\113}{chapter.8}% 72
\BOOKMARK [1][-]{section.8.6}{\376\377\004\022\004\075\004\103\004\102\004\100\004\065\004\075\004\075\004\070\004\071\000\040\004\101\004\077\004\065\004\072\004\102\004\100\000\040\004\070\000\040\004\067\004\060\004\077\004\100\004\065\004\111\004\121\004\075\004\072\004\060}{chapter.8}% 73
\BOOKMARK [1][-]{section.8.7}{\376\377\004\023\004\065\004\076\004\074\004\065\004\102\004\100\004\070\004\107\004\065\004\101\004\072\004\070\004\071\000\040\004\072\004\062\004\060\004\075\004\102\000\040\004\101\004\062\004\117\004\067\004\070\000\040\000k\000a\000p\000p\000a\000=\0001\000/\000|\000N\000|}{chapter.8}% 74
\BOOKMARK [1][-]{section.8.8}{\376\377\004\044\004\076\004\075\004\076\004\075\004\113\000\040\004\070\000\040\004\101\004\077\004\065\004\072\004\102\004\100}{chapter.8}% 75
\BOOKMARK [-1][-]{part.1}{\376\377\000I\000\040\004\055\004\102\004\060\004\066\004\070\000\040\004\062\004\062\004\065\004\100\004\105}{}% 76
\BOOKMARK [0][-]{chapter.9}{\376\377\004\041\000\040\004\077\004\073\004\060\004\075\004\072\004\076\004\062\004\101\004\072\004\076\004\063\004\076\000\040\004\077\004\076\004\073\004\060\000\040\004\062\004\062\004\065\004\100\004\105}{part.1}% 77
\BOOKMARK [0][-]{chapter.10}{\376\377\004\055\004\102\004\060\004\066\000\040\0000\000.\000\040\004\037\004\073\004\060\004\075\004\072\004\076\004\062\004\101\004\072\004\070\004\071\000\040\004\077\004\076\004\073}{part.1}% 78
\BOOKMARK [1][-]{section.10.1}{\376\377\004\036\004\064\004\070\004\075\000\040\004\077\004\073\004\060\004\075\004\072\004\076\004\075\000\040\004\062\000\040\004\076\004\064\004\075\004\076\004\071\000\040\004\117\004\107\004\065\004\071\004\072\004\065}{chapter.10}% 79
\BOOKMARK [1][-]{section.10.2}{\376\377\004\024\004\062\004\060\000\040\004\062\004\075\004\103\004\102\004\100\004\065\004\075\004\075\004\070\004\105\000\040\004\100\004\065\004\063\004\070\004\101\004\102\004\100\004\060}{chapter.10}% 80
\BOOKMARK [1][-]{section.10.3}{\376\377\004\033\004\065\004\101\004\102\004\075\004\070\004\106\004\060\000\040\000n\000E\000\040\004\075\004\060\000\040\004\072\004\076\004\073\004\114\004\106\004\065}{chapter.10}% 81
\BOOKMARK [1][-]{section.10.4}{\376\377\004\036\004\101\004\075\004\076\004\062\004\075\004\076\004\065\000\040\004\101\004\076\004\101\004\102\004\076\004\117\004\075\004\070\004\065}{chapter.10}% 82
\BOOKMARK [1][-]{section.10.5}{\376\377\004\034\004\076\004\075\004\076\004\064\004\100\004\076\004\074\004\070\004\117\000\040\000S\000U\000\050\0002\000\051\000\040\004\075\004\060\000\040\004\117\004\064\004\100\004\065}{chapter.10}% 83
\BOOKMARK [1][-]{section.10.6}{\376\377\004\047\004\102\004\076\000\040\004\065\004\111\004\121\000\040\004\075\004\065\000\040\004\067\004\060\004\072\004\100\004\113\004\102\004\076}{chapter.10}% 84
\BOOKMARK [0][-]{chapter.11}{\376\377\004\055\004\102\004\060\004\066\000\040\0001\000.\000\040\004\047\004\103\004\102\004\114\000\040\004\062\004\113\004\110\004\065\000:\000\040\004\076\004\061\004\073\004\060\004\072\004\076\000\040\004\070\000\040\000e\000p\000s\000i\000l\000o\000n\000-\004\076\004\061\004\076\004\073\004\076\004\107\004\072\004\070}{part.1}% 85
\BOOKMARK [1][-]{section.11.1}{\376\377\004\040\004\060\004\064\004\070\004\103\004\101\000\040\004\115\004\102\004\060\004\066\004\060}{chapter.11}% 86
\BOOKMARK [1][-]{section.11.2}{\376\377\004\042\004\100\004\070\000\040\004\101\004\073\004\076\004\117\000\040\004\077\004\073\004\076\004\102\004\075\004\076\004\101\004\102\004\070}{chapter.11}% 87
\BOOKMARK [1][-]{section.11.3}{\376\377\004\034\004\070\004\075\004\070\004\074\004\060\004\073\004\114\004\075\004\113\004\071\000\040\004\076\004\100\004\065\004\076\004\073\000:\000\040\000R\000=\000d\000l}{chapter.11}% 88
\BOOKMARK [1][-]{section.11.4}{\376\377\004\032\004\102\004\076\000\040\004\103\004\101\004\102\004\076\004\071\004\107\004\070\004\062\000\040\004\075\004\060\000\040\004\115\004\102\004\060\004\066\004\065\000\040\0001}{chapter.11}% 89
\BOOKMARK [1][-]{section.11.5}{\376\377\004\041\004\062\004\117\004\067\004\114\000\040\004\101\000\040\004\115\004\073\004\065\004\072\004\102\004\100\004\076\004\075\004\076\004\074}{chapter.11}% 90
\BOOKMARK [1][-]{section.11.6}{\376\377\004\036\004\102\004\072\004\100\004\113\004\102\004\076\000\040\004\075\004\060\000\040\004\115\004\102\004\060\004\066\004\065\000\040\0001}{chapter.11}% 91
\BOOKMARK [0][-]{chapter.12}{\376\377\004\055\004\102\004\060\004\066\000\040\0002\000.\000\040\004\041\004\076\004\101\004\102\004\060\004\062\004\075\004\076\004\071\000\040\004\103\004\067\004\065\004\073\000:\000\040\004\072\004\062\004\060\004\100\004\072\004\070\000\040\004\070\000\040\004\072\004\062\004\060\004\075\004\102\004\076\004\062\004\113\004\065\000\040\004\107\004\070\004\101\004\073\004\060}{part.1}% 92
\BOOKMARK [1][-]{section.12.1}{\376\377\004\040\004\060\004\064\004\070\004\103\004\101\000\040\004\070\000\040\004\076\004\061\004\112\004\065\004\072\004\102}{chapter.12}% 93
\BOOKMARK [1][-]{section.12.2}{\376\377\004\032\004\076\004\075\004\104\004\060\004\071\004\075\004\074\004\065\004\075\004\102\000\040\004\061\004\065\004\067\000\040\004\075\004\076\004\062\004\076\004\063\004\076\000\040\004\077\004\076\004\073\004\117}{chapter.12}% 94
\BOOKMARK [1][-]{section.12.3}{\376\377\004\032\004\062\004\060\004\075\004\102\004\076\004\062\004\113\004\065\000\040\004\107\004\070\004\101\004\073\004\060}{chapter.12}% 95
\BOOKMARK [1][-]{section.12.4}{\376\377\004\041\004\062\004\117\004\067\004\114\000\040\004\101\000\040\004\101\004\070\004\073\004\114\004\075\004\113\004\074\000\040\004\062\004\067\004\060\004\070\004\074\004\076\004\064\004\065\004\071\004\101\004\102\004\062\004\070\004\065\004\074}{chapter.12}% 96
\BOOKMARK [1][-]{section.12.5}{\376\377\004\036\004\102\004\072\004\100\004\113\004\102\004\076\000\040\004\075\004\060\000\040\004\115\004\102\004\060\004\066\004\065\000\040\0002}{chapter.12}% 97
\BOOKMARK [0][-]{chapter.13}{\376\377\004\037\004\076\004\101\004\102\004\076\004\117\004\075\004\075\004\060\004\117\000\040\004\102\004\076\004\075\004\072\004\076\004\071\000\040\004\101\004\102\004\100\004\103\004\072\004\102\004\103\004\100\004\113}{part.1}% 98
\BOOKMARK [1][-]{section.13.1}{\376\377\004\047\004\102\004\076\000\040\004\070\004\101\004\072\004\060\004\073\004\070}{chapter.13}% 99
\BOOKMARK [1][-]{section.13.2}{\376\377\004\033\004\076\004\066\004\075\004\113\004\071\000\040\004\101\004\073\004\065\004\064\000:\000\040\000*\000\040\004\070\000\040\000-\004\061\004\060\004\110\004\075\004\117}{chapter.13}% 100
\BOOKMARK [1][-]{section.13.3}{\376\377\004\041\004\077\004\103\004\101\004\072\000\040\004\061\004\065\004\067\000\040\004\077\004\060\004\074\004\117\004\102\004\070\000\040\004\073\004\060\004\061\004\076\004\100\004\060\004\102\004\076\004\100\004\070\004\070}{chapter.13}% 101
\BOOKMARK [1][-]{section.13.4}{\376\377\004\033\004\060\004\061\004\076\004\100\004\060\004\102\004\076\004\100\004\075\004\113\004\065\000\040\004\064\004\062\004\065\004\100\004\070\000\040\000\050\004\107\004\070\004\102\004\060\004\116\004\102\000,\000\040\004\075\004\065\000\040\004\062\004\113\004\062\004\076\004\064\004\117\004\102\000\051}{chapter.13}% 102
\BOOKMARK [1][-]{section.13.5}{\376\377\004\041\004\070\004\073\004\060\000\040\004\075\004\060\000\040\004\100\004\065\004\110\004\121\004\102\004\072\004\065}{chapter.13}% 103
\BOOKMARK [1][-]{section.13.6}{\376\377\004\042\004\065\004\076\004\100\004\065\004\074\004\060\000\040\004\076\000\040\000M\000=\0009\0007}{chapter.13}% 104
\BOOKMARK [1][-]{section.13.7}{\376\377\004\034\004\117\004\063\004\072\004\060\004\117\000\040\004\063\004\100\004\060\004\075\004\114\000:\000\040\004\067\004\060\004\072\004\100\004\113\004\102\004\070\004\065\000\040\004\107\004\070\004\101\004\073\004\060}{chapter.13}% 105
\BOOKMARK [1][-]{section.13.8}{\376\377\004\022\004\062\004\065\004\100\004\105\000\040\004\077\004\076\000\040\004\073\004\065\004\101\004\102\004\075\004\070\004\106\004\065}{chapter.13}% 106
\BOOKMARK [1][-]{section.13.9}{\376\377\004\032\004\060\004\100\004\102\004\060\000\040\004\077\004\103\004\102\004\070\000\040\004\070\000\040\004\076\004\102\004\072\004\100\004\113\004\102\004\113\004\065\000\040\004\105\004\062\004\076\004\101\004\102\004\113}{chapter.13}% 107
\BOOKMARK [0][-]{chapter.14}{\376\377\004\041\004\070\004\101\004\102\004\065\004\074\004\060\000\040\000S\000I\000\040\004\070\000\040\004\041\004\102\004\060\004\075\004\064\004\060\004\100\004\102\004\075\004\060\004\117\000\040\004\074\004\076\004\064\004\065\004\073\004\114}{part.1}% 108
\BOOKMARK [1][-]{section.14.1}{\376\377\004\037\004\076\004\073\004\075\004\060\004\117\000\040\004\073\004\065\004\101\004\102\004\075\004\070\004\106\004\060\000\040\004\074\004\060\004\101\004\110\004\102\004\060\004\061\004\076\004\062\000\040\004\064\004\076\000\040\004\074\004\060\004\072\004\100\004\076\004\074\004\070\004\100\004\060}{chapter.14}% 109
\BOOKMARK [1][-]{section.14.2}{\376\377\004\034\004\076\004\101\004\102\000\040\004\072\000\040\004\101\004\070\004\101\004\102\004\065\004\074\004\065\000\040\000S\000I}{chapter.14}% 110
\BOOKMARK [1][-]{section.14.3}{\376\377\004\037\004\076\004\101\004\102\004\076\004\117\004\075\004\075\004\060\004\117\000\040\004\102\004\076\004\075\004\072\004\076\004\071\000\040\004\101\004\102\004\100\004\103\004\072\004\102\004\103\004\100\004\113}{chapter.14}% 111
\BOOKMARK [1][-]{section.14.4}{\376\377\004\055\004\073\004\065\004\072\004\102\004\100\004\076\004\101\004\073\004\060\004\061\004\113\004\071\000\040\004\101\004\065\004\072\004\102\004\076\004\100}{chapter.14}% 112
\BOOKMARK [1][-]{section.14.5}{\376\377\004\034\004\060\004\101\004\101\004\113\000\040\004\107\004\060\004\101\004\102\004\070\004\106}{chapter.14}% 113
\BOOKMARK [1][-]{section.14.6}{\376\377\004\047\004\065\004\102\004\113\004\100\004\065\000\040\004\062\004\067\004\060\004\070\004\074\004\076\004\064\004\065\004\071\004\101\004\102\004\062\004\070\004\117}{chapter.14}% 114
\BOOKMARK [0][-]{appendix.A}{\376\377\004\032\004\073\004\065\004\102\004\076\004\107\004\075\004\113\004\065\000\040\004\060\004\062\004\102\004\076\004\074\004\060\004\102\004\113\000,\000\040\004\076\004\061\004\100\004\060\004\102\004\070\004\074\004\076\004\101\004\102\004\114\000\040\004\070\000\040\004\077\004\100\004\065\004\064\004\101\004\102\004\060\004\062\004\073\004\065\004\075\004\070\004\065\000\040\004\034\004\060\004\064\004\065\004\073\004\103\004\075\004\063\004\060}{part.1}% 115
\BOOKMARK [1][-]{section.A.1}{\376\377\004\027\004\060\004\107\004\065\004\074\000\040\004\115\004\102\004\076\000\040\004\077\004\100\004\070\004\073\004\076\004\066\004\065\004\075\004\070\004\065}{appendix.A}% 116
\BOOKMARK [1][-]{section.A.2}{\376\377\004\030\004\101\004\102\004\076\004\100\004\070\004\107\004\065\004\101\004\072\004\070\004\065\000\040\004\072\004\073\004\065\004\102\004\076\004\107\004\075\004\113\004\065\000\040\004\060\004\062\004\102\004\076\004\074\004\060\004\102\004\113}{appendix.A}% 117
\BOOKMARK [1][-]{section.A.3}{\376\377\004\042\004\114\004\116\004\100\004\070\004\075\004\063\000-\004\077\004\076\004\073\004\075\004\076\004\102\004\060}{appendix.A}% 118
\BOOKMARK [1][-]{section.A.4}{\376\377\004\036\004\061\004\100\004\060\004\102\004\070\004\074\004\076\004\101\004\102\004\114\000:\000\040\004\042\004\076\004\104\004\104\004\076\004\073\004\070\000\040\004\070\000\040\004\044\004\100\004\065\004\064\004\072\004\070\004\075}{appendix.A}% 119
\BOOKMARK [1][-]{section.A.5}{\376\377\004\037\004\100\004\065\004\064\004\101\004\102\004\060\004\062\004\073\004\065\004\075\004\070\004\065\000\040\004\034\004\060\004\064\004\065\004\073\004\103\004\075\004\063\004\060}{appendix.A}% 120
\BOOKMARK [1][-]{section.A.6}{\376\377\004\041\004\062\004\076\004\064\004\075\004\060\004\117\000\040\004\102\004\060\004\061\004\073\004\070\004\106\004\060}{appendix.A}% 121
\BOOKMARK [1][-]{section.A.7}{\376\377\004\033\004\070\004\102\004\065\004\100\004\060\004\102\004\103\004\100\004\060\000\040\004\064\004\073\004\117\000\040\004\077\004\065\004\100\004\062\004\076\004\063\004\076\000\040\004\107\004\102\004\065\004\075\004\070\004\117}{appendix.A}% 122
